###########################################################
####               ICTC Regression Report              ####
###########################################################
Total testcase run: 204
Passed            : 180
Failed            : 24
Unknown           : 0
Used time         : 45s
-----------------------------------------------------------
Run log detail:
log/cnt_down_div4_test_763741.log: => Failed
log/cnt_down_div4_test_763741.log: => Failed
log/cnt_down_div4_test_766373.log: => Failed
log/cnt_down_div4_test_766373.log: => Failed
log/cnt_down_div8_test_602697.log: => Failed
log/cnt_down_div8_test_602697.log: => Failed
log/cnt_down_div8_test_946651.log: => Failed
log/cnt_down_div8_test_946651.log: => Failed
log/cnt_down_rd_div4_test_211322.log: => Failed
log/cnt_down_rd_div4_test_211322.log: => Failed
log/cnt_down_rd_div4_test_797728.log: => Failed
log/cnt_down_rd_div4_test_797728.log: => Failed
log/cnt_down_rd_div8_test_806690.log: => Failed
log/cnt_down_rd_div8_test_806690.log: => Failed
log/cnt_down_rd_div8_test_977540.log: => Failed
log/cnt_down_rd_div8_test_977540.log: => Failed
log/cnt_up_div4_test_425834.log: => Failed
log/cnt_up_div4_test_425834.log: => Failed
log/cnt_up_div4_test_885169.log: => Failed
log/cnt_up_div4_test_885169.log: => Failed
log/cnt_up_div8_test_295282.log: => Failed
log/cnt_up_div8_test_295282.log: => Failed
log/cnt_up_div8_test_575903.log: => Failed
log/cnt_up_div8_test_575903.log: => Failed
log/cnt_down_change_test_577993.log: => Passed
log/cnt_down_change_test_577993.log: => Passed
log/cnt_down_change_test_813889.log: => Passed
log/cnt_down_change_test_813889.log: => Passed
log/cnt_down_div1_test_243018.log: => Passed
log/cnt_down_div1_test_243018.log: => Passed
log/cnt_down_div1_test_243018.log: => Passed
log/cnt_down_div1_test_360888.log: => Passed
log/cnt_down_div1_test_360888.log: => Passed
log/cnt_down_div1_test_360888.log: => Passed
log/cnt_down_div2_test_557359.log: => Passed
log/cnt_down_div2_test_557359.log: => Passed
log/cnt_down_div2_test_557359.log: => Passed
log/cnt_down_div2_test_888573.log: => Passed
log/cnt_down_div2_test_888573.log: => Passed
log/cnt_down_div2_test_888573.log: => Passed
log/cnt_down_div4_test_763741.log: => Passed
log/cnt_down_div4_test_766373.log: => Passed
log/cnt_down_div8_test_602697.log: => Passed
log/cnt_down_div8_test_946651.log: => Passed
log/cnt_down_rd_change_div_test_168178.log: => Passed
log/cnt_down_rd_change_div_test_168178.log: => Passed
log/cnt_down_rd_change_div_test_285895.log: => Passed
log/cnt_down_rd_change_div_test_285895.log: => Passed
log/cnt_down_rd_change_div_test_357485.log: => Passed
log/cnt_down_rd_change_div_test_357485.log: => Passed
log/cnt_down_rd_change_div_test_416919.log: => Passed
log/cnt_down_rd_change_div_test_416919.log: => Passed
log/cnt_down_rd_change_div_test_632589.log: => Passed
log/cnt_down_rd_change_div_test_632589.log: => Passed
log/cnt_down_rd_change_div_test_997122.log: => Passed
log/cnt_down_rd_change_div_test_997122.log: => Passed
log/cnt_down_rd_div1_test_584300.log: => Passed
log/cnt_down_rd_div1_test_584300.log: => Passed
log/cnt_down_rd_div1_test_584300.log: => Passed
log/cnt_down_rd_div1_test_798442.log: => Passed
log/cnt_down_rd_div1_test_798442.log: => Passed
log/cnt_down_rd_div1_test_798442.log: => Passed
log/cnt_down_rd_div2_test_857238.log: => Passed
log/cnt_down_rd_div2_test_857238.log: => Passed
log/cnt_down_rd_div2_test_857238.log: => Passed
log/cnt_down_rd_div2_test_891525.log: => Passed
log/cnt_down_rd_div2_test_891525.log: => Passed
log/cnt_down_rd_div2_test_891525.log: => Passed
log/cnt_down_rd_div4_test_211322.log: => Passed
log/cnt_down_rd_div4_test_797728.log: => Passed
log/cnt_down_rd_div8_test_806690.log: => Passed
log/cnt_down_rd_div8_test_977540.log: => Passed
log/cnt_up_change_test_148894.log: => Passed
log/cnt_up_change_test_148894.log: => Passed
log/cnt_up_change_test_245978.log: => Passed
log/cnt_up_change_test_245978.log: => Passed
log/cnt_up_div1_test_192050.log: => Passed
log/cnt_up_div1_test_192050.log: => Passed
log/cnt_up_div1_test_192050.log: => Passed
log/cnt_up_div1_test_213967.log: => Passed
log/cnt_up_div1_test_213967.log: => Passed
log/cnt_up_div1_test_213967.log: => Passed
log/cnt_up_div2_test_325995.log: => Passed
log/cnt_up_div2_test_325995.log: => Passed
log/cnt_up_div2_test_325995.log: => Passed
log/cnt_up_div2_test_503295.log: => Passed
log/cnt_up_div2_test_503295.log: => Passed
log/cnt_up_div2_test_503295.log: => Passed
log/cnt_up_div4_test_425834.log: => Passed
log/cnt_up_div4_test_885169.log: => Passed
log/cnt_up_div8_test_295282.log: => Passed
log/cnt_up_div8_test_575903.log: => Passed
log/cnt_up_rd_change_div_test_140611.log: => Passed
log/cnt_up_rd_change_div_test_140611.log: => Passed
log/cnt_up_rd_change_div_test_497563.log: => Passed
log/cnt_up_rd_change_div_test_497563.log: => Passed
log/cnt_up_rd_change_div_test_601005.log: => Passed
log/cnt_up_rd_change_div_test_601005.log: => Passed
log/cnt_up_rd_change_div_test_676908.log: => Passed
log/cnt_up_rd_change_div_test_676908.log: => Passed
log/cnt_up_rd_change_div_test_907450.log: => Passed
log/cnt_up_rd_change_div_test_907450.log: => Passed
log/cnt_up_rd_change_div_test_985395.log: => Passed
log/cnt_up_rd_change_div_test_985395.log: => Passed
log/cnt_up_rd_div1_test_576865.log: => Passed
log/cnt_up_rd_div1_test_576865.log: => Passed
log/cnt_up_rd_div1_test_844712.log: => Passed
log/cnt_up_rd_div1_test_844712.log: => Passed
log/cnt_up_rd_div2_test_180779.log: => Passed
log/cnt_up_rd_div2_test_180779.log: => Passed
log/cnt_up_rd_div2_test_771474.log: => Passed
log/cnt_up_rd_div2_test_771474.log: => Passed
log/cnt_up_rd_div4_test_416203.log: => Passed
log/cnt_up_rd_div4_test_416203.log: => Passed
log/cnt_up_rd_div4_test_928934.log: => Passed
log/cnt_up_rd_div4_test_928934.log: => Passed
log/cnt_up_rd_div8_test_699569.log: => Passed
log/cnt_up_rd_div8_test_699569.log: => Passed
log/cnt_up_rd_div8_test_915982.log: => Passed
log/cnt_up_rd_div8_test_915982.log: => Passed
log/overflow_dis_test_951342.log: => Passed
log/overflow_dis_test_951342.log: => Passed
log/overflow_dis_test_994094.log: => Passed
log/overflow_dis_test_994094.log: => Passed
log/overflow_en_test_766724.log: => Passed
log/overflow_en_test_766724.log: => Passed
log/overflow_en_test_833345.log: => Passed
log/overflow_en_test_833345.log: => Passed
log/reg_def_test_663064.log: => Passed
log/reg_def_test_663064.log: => Passed
log/reg_def_test_663064.log: => Passed
log/reg_def_test_663064.log: => Passed
log/reg_def_test_663064.log: => Passed
log/reg_def_test_992733.log: => Passed
log/reg_def_test_992733.log: => Passed
log/reg_def_test_992733.log: => Passed
log/reg_def_test_992733.log: => Passed
log/reg_def_test_992733.log: => Passed
log/reg_reserved_test_610451.log: => Passed
log/reg_reserved_test_610451.log: => Passed
log/reg_reserved_test_610451.log: => Passed
log/reg_reserved_test_610451.log: => Passed
log/reg_reserved_test_610451.log: => Passed
log/reg_reserved_test_610451.log: => Passed
log/reg_reserved_test_610451.log: => Passed
log/reg_reserved_test_610451.log: => Passed
log/reg_reserved_test_610451.log: => Passed
log/reg_reserved_test_610451.log: => Passed
log/reg_reserved_test_610451.log: => Passed
log/reg_reserved_test_894254.log: => Passed
log/reg_reserved_test_894254.log: => Passed
log/reg_reserved_test_894254.log: => Passed
log/reg_reserved_test_894254.log: => Passed
log/reg_reserved_test_894254.log: => Passed
log/reg_reserved_test_894254.log: => Passed
log/reg_reserved_test_894254.log: => Passed
log/reg_reserved_test_894254.log: => Passed
log/reg_reserved_test_894254.log: => Passed
log/reg_reserved_test_894254.log: => Passed
log/reg_reserved_test_894254.log: => Passed
log/reg_rs_test_155486.log: => Passed
log/reg_rs_test_155486.log: => Passed
log/reg_rs_test_155486.log: => Passed
log/reg_rs_test_155486.log: => Passed
log/reg_rs_test_155486.log: => Passed
log/reg_rs_test_719451.log: => Passed
log/reg_rs_test_719451.log: => Passed
log/reg_rs_test_719451.log: => Passed
log/reg_rs_test_719451.log: => Passed
log/reg_rs_test_719451.log: => Passed
log/reg_tsr_test_289580.log: => Passed
log/reg_tsr_test_289580.log: => Passed
log/reg_tsr_test_289580.log: => Passed
log/reg_tsr_test_670686.log: => Passed
log/reg_tsr_test_670686.log: => Passed
log/reg_tsr_test_670686.log: => Passed
log/reg_wr_test_591548.log: => Passed
log/reg_wr_test_591548.log: => Passed
log/reg_wr_test_591548.log: => Passed
log/reg_wr_test_591548.log: => Passed
log/reg_wr_test_591548.log: => Passed
log/reg_wr_test_591548.log: => Passed
log/reg_wr_test_591548.log: => Passed
log/reg_wr_test_591548.log: => Passed
log/reg_wr_test_591548.log: => Passed
log/reg_wr_test_591548.log: => Passed
log/reg_wr_test_886049.log: => Passed
log/reg_wr_test_886049.log: => Passed
log/reg_wr_test_886049.log: => Passed
log/reg_wr_test_886049.log: => Passed
log/reg_wr_test_886049.log: => Passed
log/reg_wr_test_886049.log: => Passed
log/reg_wr_test_886049.log: => Passed
log/reg_wr_test_886049.log: => Passed
log/reg_wr_test_886049.log: => Passed
log/reg_wr_test_886049.log: => Passed
log/underflow_dis_test_246563.log: => Passed
log/underflow_dis_test_246563.log: => Passed
log/underflow_dis_test_599861.log: => Passed
log/underflow_dis_test_599861.log: => Passed
log/underflow_en_test_231124.log: => Passed
log/underflow_en_test_231124.log: => Passed
log/underflow_en_test_376627.log: => Passed
log/underflow_en_test_376627.log: => Passed
-----------------------------------------------------------
